                                      1 ;--------------------------------------------------------
                                      2 ; File Created by SDCC : free open source ANSI-C Compiler
                                      3 ; Version 4.1.0 #12072 (Mac OS X x86_64)
                                      4 ;--------------------------------------------------------
                                      5 	.module main
                                      6 	.optsdcc -mgbz80
                                      7 	
                                      8 ;--------------------------------------------------------
                                      9 ; Public variables in this module
                                     10 ;--------------------------------------------------------
                                     11 	.globl _main
                                     12 	.globl _set_sprite_data
                                     13 	.globl _joypad
                                     14 	.globl _delay
                                     15 	.globl _TILESET
                                     16 ;--------------------------------------------------------
                                     17 ; special function registers
                                     18 ;--------------------------------------------------------
                                     19 ;--------------------------------------------------------
                                     20 ; ram data
                                     21 ;--------------------------------------------------------
                                     22 	.area _DATA
                                     23 ;--------------------------------------------------------
                                     24 ; absolute external ram data
                                     25 ;--------------------------------------------------------
                                     26 	.area _DABS (ABS)
                                     27 ;--------------------------------------------------------
                                     28 ; global & static initialisations
                                     29 ;--------------------------------------------------------
                                     30 	.area _HOME
                                     31 	.area _GSINIT
                                     32 	.area _GSFINAL
                                     33 	.area _GSINIT
                                     34 ;--------------------------------------------------------
                                     35 ; Home
                                     36 ;--------------------------------------------------------
                                     37 	.area _HOME
                                     38 	.area _HOME
                                     39 ;--------------------------------------------------------
                                     40 ; code
                                     41 ;--------------------------------------------------------
                                     42 	.area _CODE
                                     43 ;main.c:11: void main()
                                     44 ;	---------------------------------
                                     45 ; Function main
                                     46 ; ---------------------------------
      000000                         47 _main::
                                     48 ;main.c:15: set_sprite_data(0, 2, TILESET);
      000000 21r72r00                49 	ld	hl, #_TILESET
      000003 E5                      50 	push	hl
      000004 3E 02                   51 	ld	a, #0x02
      000006 F5                      52 	push	af
      000007 33                      53 	inc	sp
      000008 AF                      54 	xor	a, a
      000009 F5                      55 	push	af
      00000A 33                      56 	inc	sp
      00000B CDr00r00                57 	call	_set_sprite_data
      00000E E8 04                   58 	add	sp, #4
                                     59 ;/Users/DreamMachine/gbdk/include/gb/gb.h:1145: shadow_OAM[nb].tile=tile;
      000010 21r02r00                60 	ld	hl, #(_shadow_OAM + 0x0002)
      000013 36 00                   61 	ld	(hl), #0x00
                                     62 ;/Users/DreamMachine/gbdk/include/gb/gb.h:1218: OAM_item_t * itm = &shadow_OAM[nb];
      000015 21r00r00                63 	ld	hl, #_shadow_OAM
                                     64 ;/Users/DreamMachine/gbdk/include/gb/gb.h:1219: itm->y=y, itm->x=x;
      000018 3E 4E                   65 	ld	a, #0x4e
      00001A 22                      66 	ld	(hl+), a
      00001B 36 58                   67 	ld	(hl), #0x58
                                     68 ;main.c:18: SHOW_SPRITES;
      00001D F0r00                   69 	ldh	a, (_LCDC_REG+0)
      00001F F6 02                   70 	or	a, #0x02
      000021 E0r00                   71 	ldh	(_LCDC_REG+0),a
                                     72 ;main.c:20: while (1)
      000023                         73 00107$:
                                     74 ;main.c:22: switch (joypad())
      000023 CDr00r00                75 	call	_joypad
      000026 7B                      76 	ld	a, e
      000027 3D                      77 	dec	a
      000028 28 1B                   78 	jr	Z, 00102$
      00002A 7B                      79 	ld	a,e
      00002B FE 02                   80 	cp	a,#0x02
      00002D 28 0A                   81 	jr	Z, 00101$
      00002F FE 04                   82 	cp	a,#0x04
      000031 28 1E                   83 	jr	Z, 00103$
      000033 D6 08                   84 	sub	a, #0x08
      000035 28 26                   85 	jr	Z, 00104$
      000037 18 2E                   86 	jr	00105$
                                     87 ;main.c:24: case J_LEFT:
      000039                         88 00101$:
                                     89 ;/Users/DreamMachine/gbdk/include/gb/gb.h:1234: OAM_item_t * itm = &shadow_OAM[nb];
      000039 01r00r00                90 	ld	bc, #_shadow_OAM+0
                                     91 ;/Users/DreamMachine/gbdk/include/gb/gb.h:1235: itm->y+=y, itm->x+=x;
      00003C 0A                      92 	ld	a, (bc)
      00003D 02                      93 	ld	(bc), a
      00003E 03                      94 	inc	bc
      00003F 0A                      95 	ld	a, (bc)
      000040 C6 F6                   96 	add	a, #0xf6
      000042 02                      97 	ld	(bc), a
                                     98 ;main.c:26: break;
      000043 18 22                   99 	jr	00105$
                                    100 ;main.c:27: case J_RIGHT:
      000045                        101 00102$:
                                    102 ;/Users/DreamMachine/gbdk/include/gb/gb.h:1234: OAM_item_t * itm = &shadow_OAM[nb];
      000045 01r00r00               103 	ld	bc, #_shadow_OAM
                                    104 ;/Users/DreamMachine/gbdk/include/gb/gb.h:1235: itm->y+=y, itm->x+=x;
      000048 0A                     105 	ld	a, (bc)
      000049 02                     106 	ld	(bc), a
      00004A 03                     107 	inc	bc
      00004B 0A                     108 	ld	a, (bc)
      00004C C6 0A                  109 	add	a, #0x0a
      00004E 02                     110 	ld	(bc), a
                                    111 ;main.c:29: break;
      00004F 18 16                  112 	jr	00105$
                                    113 ;main.c:30: case J_UP:
      000051                        114 00103$:
                                    115 ;/Users/DreamMachine/gbdk/include/gb/gb.h:1234: OAM_item_t * itm = &shadow_OAM[nb];
      000051 01r00r00               116 	ld	bc, #_shadow_OAM
                                    117 ;/Users/DreamMachine/gbdk/include/gb/gb.h:1235: itm->y+=y, itm->x+=x;
      000054 0A                     118 	ld	a, (bc)
      000055 C6 F6                  119 	add	a, #0xf6
      000057 02                     120 	ld	(bc), a
      000058 03                     121 	inc	bc
      000059 0A                     122 	ld	a, (bc)
      00005A 02                     123 	ld	(bc), a
                                    124 ;main.c:32: break;
      00005B 18 0A                  125 	jr	00105$
                                    126 ;main.c:33: case J_DOWN:
      00005D                        127 00104$:
                                    128 ;/Users/DreamMachine/gbdk/include/gb/gb.h:1234: OAM_item_t * itm = &shadow_OAM[nb];
      00005D 01r00r00               129 	ld	bc, #_shadow_OAM
                                    130 ;/Users/DreamMachine/gbdk/include/gb/gb.h:1235: itm->y+=y, itm->x+=x;
      000060 0A                     131 	ld	a, (bc)
      000061 C6 0A                  132 	add	a, #0x0a
      000063 02                     133 	ld	(bc), a
      000064 03                     134 	inc	bc
      000065 0A                     135 	ld	a, (bc)
      000066 02                     136 	ld	(bc), a
                                    137 ;main.c:36: }
      000067                        138 00105$:
                                    139 ;main.c:37: delay(50);
      000067 21 32 00               140 	ld	hl, #0x0032
      00006A E5                     141 	push	hl
      00006B CDr00r00               142 	call	_delay
      00006E E8 02                  143 	add	sp, #2
                                    144 ;main.c:39: }
      000070 18 B1                  145 	jr	00107$
      000072                        146 _TILESET:
      000072 FC                     147 	.db #0xfc	; 252
      000073 03                     148 	.db #0x03	; 3
      000074 FB                     149 	.db #0xfb	; 251
      000075 04                     150 	.db #0x04	; 4
      000076 F7                     151 	.db #0xf7	; 247
      000077 08                     152 	.db #0x08	; 8
      000078 F7                     153 	.db #0xf7	; 247
      000079 08                     154 	.db #0x08	; 8
      00007A F7                     155 	.db #0xf7	; 247
      00007B 08                     156 	.db #0x08	; 8
      00007C F7                     157 	.db #0xf7	; 247
      00007D 08                     158 	.db #0x08	; 8
      00007E F7                     159 	.db #0xf7	; 247
      00007F 08                     160 	.db #0x08	; 8
      000080 E8                     161 	.db #0xe8	; 232
      000081 17                     162 	.db #0x17	; 23
      000082 3F                     163 	.db #0x3f	; 63
      000083 C0                     164 	.db #0xc0	; 192
      000084 DF                     165 	.db #0xdf	; 223
      000085 20                     166 	.db #0x20	; 32
      000086 EF                     167 	.db #0xef	; 239
      000087 10                     168 	.db #0x10	; 16
      000088 2F                     169 	.db #0x2f	; 47
      000089 D0                     170 	.db #0xd0	; 208
      00008A AF                     171 	.db #0xaf	; 175
      00008B 50                     172 	.db #0x50	; 80	'P'
      00008C EF                     173 	.db #0xef	; 239
      00008D 10                     174 	.db #0x10	; 16
      00008E EF                     175 	.db #0xef	; 239
      00008F 10                     176 	.db #0x10	; 16
      000090 1F                     177 	.db #0x1f	; 31
      000091 E0                     178 	.db #0xe0	; 224
      000092 FB                     179 	.db #0xfb	; 251
      000093 04                     180 	.db #0x04	; 4
      000094 F7                     181 	.db #0xf7	; 247
      000095 08                     182 	.db #0x08	; 8
      000096 E7                     183 	.db #0xe7	; 231
      000097 18                     184 	.db #0x18	; 24
      000098 E3                     185 	.db #0xe3	; 227
      000099 1C                     186 	.db #0x1c	; 28
      00009A FB                     187 	.db #0xfb	; 251
      00009B 04                     188 	.db #0x04	; 4
      00009C FB                     189 	.db #0xfb	; 251
      00009D 04                     190 	.db #0x04	; 4
      00009E F7                     191 	.db #0xf7	; 247
      00009F 08                     192 	.db #0x08	; 8
      0000A0 F0                     193 	.db #0xf0	; 240
      0000A1 0F                     194 	.db #0x0f	; 15
      0000A2 E7                     195 	.db #0xe7	; 231
      0000A3 18                     196 	.db #0x18	; 24
      0000A4 FB                     197 	.db #0xfb	; 251
      0000A5 04                     198 	.db #0x04	; 4
      0000A6 E7                     199 	.db #0xe7	; 231
      0000A7 18                     200 	.db #0x18	; 24
      0000A8 DF                     201 	.db #0xdf	; 223
      0000A9 20                     202 	.db #0x20	; 32
      0000AA EF                     203 	.db #0xef	; 239
      0000AB 10                     204 	.db #0x10	; 16
      0000AC CF                     205 	.db #0xcf	; 207
      0000AD 30                     206 	.db #0x30	; 48	'0'
      0000AE 07                     207 	.db #0x07	; 7
      0000AF F8                     208 	.db #0xf8	; 248
      0000B0 C7                     209 	.db #0xc7	; 199
      0000B1 38                     210 	.db #0x38	; 56	'8'
      0000B2 FC                     211 	.db #0xfc	; 252
      0000B3 03                     212 	.db #0x03	; 3
      0000B4 FB                     213 	.db #0xfb	; 251
      0000B5 04                     214 	.db #0x04	; 4
      0000B6 F7                     215 	.db #0xf7	; 247
      0000B7 08                     216 	.db #0x08	; 8
      0000B8 F7                     217 	.db #0xf7	; 247
      0000B9 08                     218 	.db #0x08	; 8
      0000BA F7                     219 	.db #0xf7	; 247
      0000BB 08                     220 	.db #0x08	; 8
      0000BC F7                     221 	.db #0xf7	; 247
      0000BD 08                     222 	.db #0x08	; 8
      0000BE F7                     223 	.db #0xf7	; 247
      0000BF 08                     224 	.db #0x08	; 8
      0000C0 E8                     225 	.db #0xe8	; 232
      0000C1 17                     226 	.db #0x17	; 23
      0000C2 3F                     227 	.db #0x3f	; 63
      0000C3 C0                     228 	.db #0xc0	; 192
      0000C4 DF                     229 	.db #0xdf	; 223
      0000C5 20                     230 	.db #0x20	; 32
      0000C6 EF                     231 	.db #0xef	; 239
      0000C7 10                     232 	.db #0x10	; 16
      0000C8 2F                     233 	.db #0x2f	; 47
      0000C9 D0                     234 	.db #0xd0	; 208
      0000CA AF                     235 	.db #0xaf	; 175
      0000CB 50                     236 	.db #0x50	; 80	'P'
      0000CC EF                     237 	.db #0xef	; 239
      0000CD 10                     238 	.db #0x10	; 16
      0000CE EF                     239 	.db #0xef	; 239
      0000CF 10                     240 	.db #0x10	; 16
      0000D0 1F                     241 	.db #0x1f	; 31
      0000D1 E0                     242 	.db #0xe0	; 224
      0000D2 FB                     243 	.db #0xfb	; 251
      0000D3 04                     244 	.db #0x04	; 4
      0000D4 F7                     245 	.db #0xf7	; 247
      0000D5 08                     246 	.db #0x08	; 8
      0000D6 E7                     247 	.db #0xe7	; 231
      0000D7 18                     248 	.db #0x18	; 24
      0000D8 E3                     249 	.db #0xe3	; 227
      0000D9 1C                     250 	.db #0x1c	; 28
      0000DA FB                     251 	.db #0xfb	; 251
      0000DB 04                     252 	.db #0x04	; 4
      0000DC FB                     253 	.db #0xfb	; 251
      0000DD 04                     254 	.db #0x04	; 4
      0000DE F7                     255 	.db #0xf7	; 247
      0000DF 08                     256 	.db #0x08	; 8
      0000E0 F0                     257 	.db #0xf0	; 240
      0000E1 0F                     258 	.db #0x0f	; 15
      0000E2 E7                     259 	.db #0xe7	; 231
      0000E3 18                     260 	.db #0x18	; 24
      0000E4 FB                     261 	.db #0xfb	; 251
      0000E5 04                     262 	.db #0x04	; 4
      0000E6 E7                     263 	.db #0xe7	; 231
      0000E7 18                     264 	.db #0x18	; 24
      0000E8 DF                     265 	.db #0xdf	; 223
      0000E9 20                     266 	.db #0x20	; 32
      0000EA EF                     267 	.db #0xef	; 239
      0000EB 10                     268 	.db #0x10	; 16
      0000EC CF                     269 	.db #0xcf	; 207
      0000ED 30                     270 	.db #0x30	; 48	'0'
      0000EE 07                     271 	.db #0x07	; 7
      0000EF F8                     272 	.db #0xf8	; 248
      0000F0 C7                     273 	.db #0xc7	; 199
      0000F1 38                     274 	.db #0x38	; 56	'8'
                                    275 	.area _CODE
                                    276 	.area _CABS (ABS)
